z = 4;
x = array1d(1..7, [0, 0, 1, 2, 0, 0, -3]);
----------