low = 3;
up = 5;
x = array1d(1..5, [4, 5, 8, 4, 1]);
----------