%%	java.lang.ArithmeticException: Too large bounds on intervals 0..190000000
