%%	java.lang.ArithmeticException: Too large bounds on intervals 0..77953974
