low = 3;
up = 7;
variables = array1d(1..7, [1, 4, 2, 0, 0, 3, 3]);
----------