num_trees = 2;
tree = array1d(1..8, [1, 3, 5, 7, 1, 3, 7, 5]);
parents = array2d(1..8, 1..8, [1, 3, 5, 7, 1, 3, 7, 5, 1, 5, 1, 7, 1, 5, 7, 1, 1, 1, 1, 7, 1, 1, 7, 1, 1, 1, 1, 7, 1, 1, 7, 1, 1, 1, 1, 7, 1, 1, 7, 1, 1, 1, 1, 7, 1, 1, 7, 1, 1, 1, 1, 7, 1, 1, 7, 1, 1, 1, 1, 7, 1, 1, 7, 1]);
----------