element_table = array2d(1..4, 1..2, [1, 6, 2, 9, 3, 2, 4, 9]);
items = array2d(1..4, 1..2, [2, 9, 1, 6, 4, 9, 3, 2]);
----------