vector1 = array1d(1..4, [5, 2, 7, 1]);
vector2 = array1d(1..4, [5, 3, 7, 1]);
----------