nvar = 1;
variables = array1d(1..3, [3, 3, 8]);
values = array1d(1..2, [3, 8]);
----------