X = 4.610526315789302;
Y = 3.2421052631576677;
Ex = array1d(1..19, [-4.610526315789302, -4.110526315789302, -3.610526315789302, -3.1105263157893015, -2.710526315789303, -2.110526315789302, -1.610526315789302, -1.110526315789302, -0.6105263157893019, -0.11052631578930194, 0.38947368421069806, 0.8894736842106981, 1.389473684210698, 1.9894736842106977, 2.389473684210698, 2.9894736842106977, 3.889473684210698, 4.389473684210698, 5.389473684210698]);
Ey = array1d(1..19, [-2.2421052631576677, -2.342105263157668, -2.542105263157668, -1.7421052631576677, -1.242105263157668, -0.842105263157668, -0.042105263157667716, -1.242105263157668, -0.5421052631576677, 0.2578947368423321, -2.2421052631576677, 0.7578947368423321, 0.3578947368423322, -0.5421052631576677, 2.4578947368423325, 1.3578947368423318, 2.7578947368423323, 3.557894736842332, 4.057894736842332]);
----------