var1 = 7;
var2 = 8;
variables = array1d(1..4, [3, 5, 8, 9]);
----------