%% problem detected for jacop_cumulative
%%	java.lang.ArithmeticException: Overflow occurred from int 328768 * 10000
