%% problem detected for jacop_cumulative
%%	java.lang.ArithmeticException: Overflow occurred from int 388132 * 10000
