%% problem detected for jacop_cumulative
%%	java.lang.ArithmeticException: Overflow occurred from int 276873 * 10000
