%% problem detected for jacop_cumulative
%%	java.lang.ArithmeticException: Overflow occurred from int 238085 * 10000
