%% problem detected for jacop_cumulative
%%	java.lang.ArithmeticException: Overflow occurred from int 239186 * 10000
