%% problem detected for jacop_cumulative
%%	java.lang.ArithmeticException: Overflow occurred from int 281546 * 10000
