%% Parser exception org.jacop.fz.ParseException: Encountered "<EOF>" at line 0, column 0.
Was expecting one of:
    <INT_LITERAL> ...
    <FLOAT_LITERAL> ...
    "{" ...
    "array" ...
    "bool" ...
    "constraint" ...
    "float" ...
    "int" ...
    "predicate" ...
    "set" ...
    "solve" ...
    "var" ...
    
