z = 0;
x = array1d(1..5, [0, 1, 0, 0, 1]);
y = array1d(1..5, [0, 0, 0, 1, 0]);
----------