val = 5;
var01 = array1d(1..4, [0, 1, 0, 0]);
values = array1d(1..4, [9, 5, 2, 7]);
----------