variables = array1d(1..5, [3, 1, 3, 3, 3]);
----------