low = 1;
up = 9;
x = array1d(1..3, [2, 8, 2]);
----------