x = array2d(1..3, 1..3, [5, 2, 3, 5, 2, 6, 5, 3, 3]);
----------