x = array1d(1..4, [1, 2, 1, 4]);
y = array2d(1..4, 1..2, [1, 2, 3, 4, 4, 3, 2, 1]);
----------