c = 2;
x = array2d(1..3, 1..4, [2, 5, 2, 0, 3, 6, 2, 1, 3, 6, 1, 0]);
----------