s = {2, 3, 4};
x = array1d(1..4, [9, 1, 9, 3]);
----------