objective = 11;
t = array1d(1..28, [2, 2, 2, 2, 0, 0, 0, 0, 4, 4, 2, 2, 3, 3, 4, 4, 4, 4, 6, 6, 7, 7, 7, 7, 9, 9, 10, 10]);
r = array1d(1..28, [1, 2, 3, 4, 1, 2, 3, 4, 1, 2, 1, 2, 1, 2, 1, 2, 3, 4, 1, 2, 1, 2, 3, 4, 1, 2, 1, 2]);
----------
==========
