rotated = array1d(1..10, [14, 15, 16, 26, 1, 2, 3, 11, 12, 13]);
----------