x = array1d(1..8, [{2, 3}, {4}, {2}, {1}, {2, 3}, {2, 4}, {1, 2}, {3, 4}]);
----------
==========
