x = array1d(1..4, [7, 3, 1, 5]);
y = array1d(1..4, [1, 3, 1, 7]);
----------