x = array1d(1..8, [1, 1, 1, 1, 1, 1, 1, 1]);
the_period = array1d(1..3, [1, 1, 1]);
----------