var1 = 5;
var2 = 3;
variables = array1d(1..4, [8, 5, 3, 8]);
----------