s = {2, 3, 4};
variables = array1d(1..4, [3, 3, 8, 6]);
----------