x = array2d(1..4, 1..4, [0, 0, 1, 0, 0, 1, 0, 0, 0, 0, 0, 1, 1, 0, 0, 0]);
a = array1d(1..4, [3, 2, 4, 1]);
----------