x = array1d(1..8, [1, 1, 4, 8, 8, 2, 7, 1]);
----------