d = 23.034331681626014;
w = 9.560623818654765;
h = 6.864527901794121;
----------
==========