s = array1d(1..6, [0.38941508385684176, 0.6261406205128529, 0.607900234027211, 0.8758776705208601, 0.9379983050191425, 0.9423878495329088]);
c = array1d(1..6, [0.9210623716474193, 0.7797101534184221, 0.7940134164292576, 0.4825332178026207, 0.34663984159530126, 0.33452225793322]);
----------