x = array1d(1..5, [3, 4, 6, 2, 4]);
y = array1d(1..5, [2, 6, 9, 3, 6]);
----------
==========