x = array1d(1..5, [4, 4, 3, 4, 1]);
y = array1d(1..5, [1, 2, 4, 3, 7]);
----------